import { mysqlTable, varchar, text, int, timestamp, boolean, json } from "drizzle-orm/mysql-core";

export const subject = mysqlTable("subject", {
  id: varchar("id", { length: 36 }).primaryKey(),
  isIdentified: boolean('is_identified').notNull(),
  externalId: text('external_id'),
  identityProvider: text('identity_provider'),
  lastIpAddress: text('last_ip_address'),
  createdAt: timestamp('created_at').notNull(),
  updatedAt: timestamp('updated_at').notNull(),
  subjectTimezone: text('subject_timezone')
});

export const consentPurpose = mysqlTable("consent_purpose", {
  id: varchar("id", { length: 36 }).primaryKey(),
  code: text('code').notNull(),
  name: text('name').notNull(),
  description: text('description').notNull(),
  isEssential: boolean('is_essential').notNull(),
  dataCategory: text('data_category'),
  legalBasis: text('legal_basis'),
  isActive: boolean('is_active').notNull(),
  createdAt: timestamp('created_at').notNull(),
  updatedAt: timestamp('updated_at').notNull()
});

export const consentPolicy = mysqlTable("consent_policy", {
  id: varchar("id", { length: 36 }).primaryKey(),
  version: text('version').notNull(),
  type: text('type').notNull(),
  name: text('name').notNull(),
  effectiveDate: timestamp('effective_date').notNull(),
  expirationDate: timestamp('expiration_date'),
  content: text('content').notNull(),
  contentHash: text('content_hash').notNull(),
  isActive: boolean('is_active').notNull(),
  createdAt: timestamp('created_at').notNull()
});

export const domain = mysqlTable("domain", {
  id: varchar("id", { length: 36 }).primaryKey(),
  name: varchar('name', { length: 255 }).notNull().unique(),
  description: text('description'),
  allowedOrigins: json('allowed_origins'),
  isVerified: boolean('is_verified').notNull(),
  isActive: boolean('is_active').notNull(),
  createdAt: timestamp('created_at').notNull(),
  updatedAt: timestamp('updated_at')
});

export const consent = mysqlTable("consent", {
  id: varchar("id", { length: 36 }).primaryKey(),
  subjectId: varchar('subject_id', { length: 36 }).notNull().references(()=> subject.id, { onDelete: 'cascade' }),
  domainId: varchar('domain_id', { length: 36 }).notNull().references(()=> domain.id, { onDelete: 'cascade' }),
  purposeIds: json('purpose_ids'),
  metadata: json('metadata'),
  policyId: varchar('policy_id', { length: 36 }).references(()=> consentPolicy.id, { onDelete: 'cascade' }),
  ipAddress: text('ip_address'),
  userAgent: text('user_agent'),
  status: text('status').notNull(),
  withdrawalReason: text('withdrawal_reason'),
  givenAt: timestamp('given_at').notNull(),
  validUntil: timestamp('valid_until'),
  isActive: boolean('is_active').notNull()
});

export const consentRecord = mysqlTable("consent_record", {
  id: varchar("id", { length: 36 }).primaryKey(),
  subjectId: varchar('subject_id', { length: 36 }).notNull().references(()=> subject.id, { onDelete: 'cascade' }),
  consentId: varchar('consent_id', { length: 36 }).references(()=> consent.id, { onDelete: 'cascade' }),
  actionType: text('action_type').notNull(),
  details: json('details'),
  createdAt: timestamp('created_at').notNull()
});

export const auditLog = mysqlTable("audit_log", {
  id: varchar("id", { length: 36 }).primaryKey(),
  entityType: text('entity_type').notNull(),
  entityId: text('entity_id').notNull(),
  actionType: text('action_type').notNull(),
  subjectId: varchar('subject_id', { length: 36 }).references(()=> subject.id, { onDelete: 'cascade' }),
  ipAddress: text('ip_address'),
  userAgent: text('user_agent'),
  changes: json('changes'),
  metadata: json('metadata'),
  createdAt: timestamp('created_at').notNull(),
  eventTimezone: text('event_timezone').notNull()
});